[    0.00] nitiizg cgrupubsys cpet
[  0.0000 Itilinggrup ssycpu   0000] Iitliing ro subs uacc
  0.0000Liux vesi 44.13geericbudd@l01md6433(gc veio 5.4 26009 (un 5.4-6untu164.0) )16Ubun S Wedug5 4:580 C 208 Ubtu 4.0341160eneric 4.4.140)
   0.0000 Cmman le:BO_IGE/bt/liuz-4.034-ger root=LAELlodimg-rtf ro cnse=tycool=ttyS
[    0.000000] KERNEL supported us:
[    0.000000]   Intel GenuineIntel
[    0.000000]   AMD AuthenticAMD
[    0.000000]   Centaur CentaurHauls
[    0.000000] x86/fpu: xstate_offset[2]:  576, xstate_sizes[2]:  256
[    0.000000] x86/fpu: Supporting XSAVE feature 0x01: 'x87 floating point registers'
[    0.000000] x86/fpu: Supporting XSAVE feature 0x02: 'SSE registers'
[    0.000000] x86/fpu: Supporting XSAVE feature 0x04: 'AVX registers'
[    0.000000] x86/fpu: Enabled xstate features 0x7, context size is 832 bytes, using 'standard' format.
[    0.000000] e820: BIOS-provided physical RAM map:
[    0.000000] BIOS-e820: [mem 0x0000000000000000-0x000000000009fbff] usable
[    0.000000] BIOS-e820: [mem 0x000000000009fc00-0x000000000009ffff] reserved
[    0.000000] BIOS-e820: [mem 0x00000000000f0000-0x00000000000fffff] reserved
[    0.000000] BIOS-e820: [mem 0x0000000000100000-0x000000003ffeffff] usable
[    0.000000] BIOS-e820: [mem 0x000000003ff00-x000000ffff] PI da
   0.000 BIOe8: [mm 00000f00000-000000c0ff] seve
[   .0000]IOe820[m 0x000000ee0000x00000eefff] reserved
[    0.000000] BIOS-e820: [mem 0x00000000fffc0000-0x00000000ffffffff] reserved
[    0.000000] NX (Execute Disable) protection: active
[    0.000000] SMBIOS 2.5 present.
[    0.0000]ypersodetete KM
[  00000]82: las_p =0xff0 x_rcpf= x40000[   .0000] TR Dsaed[[   00000] x6/T:MTRRs isle, skpingPA inialaton t.[  00000 C MRRs al an -iralzed ysm.
[  00000] 6/T: Cfirati [7]:     C- U W WT C-C 
[  00000 fnd S M-tble t em 0x000ff0x0009ff mpp a[fff8800fff0
[  0.00] Scni 1areafolow mo corptn
[  00000] MDK: [m 3630c0-3717dfff]
[  00000 AI: Elyablehesum vefition isle
[    00000 APIRSP 0x000000E00 004 02VBO  
[   0.00] ACI:SD 000003FF00 0003(v VBO  OXXS 00000AS 000006)    .000] ACP: CP0x0000FFF00 00F4v0VBOX VXFCP 0000 ASL000061
  0.0000ACPIDS 0000000FF040 21F (v02 BO  BOIO0000002 TL201028
[    0000] ACP: CS0x000000FF0200000
[  00000] PIFACSx00000FF200 00
[   .0000] ACPI: APIC 0x000000FF024005C(v02BO  VBAP 00000AS  0006)
  0.0000 AI: ST 000000FF02 001CC(v01BO  VBCP 000000INL 010028
[   0.00] NoUMconfurion un
[    0.000000] Faking ano a [me0x00000000000x000003eff]
  0.0000 NE_DA(0allote[mem 0ffb000-0xffff]
[  .00000 k-coc Ungmsrsb5d01 d 564d
   0.000] vm-coc cu  m 0:3fe01 prirypu cck
[   0.000] k-cck: inscheofet of 3757093402 cycles
[    0.000000] clocksource: kvm-clock: mask: 0xffffffffffffffff max_cycles: 0x1cd42e4dffb, max_idle_ns: 881590591483 ns
[    0.000000] Zone ranges:
[    0.000000]   DMA      [mem 0x0000000000001000-0x0000000000ffffff]
[    0.000000]   DMA32    [mem 0x0000000001000000-0x000000003ffeffff]
[    0.000000]   Normal   empty
[    0.000000]   Device   empty
[    0.000000] Movable zone start for each node
[    0.000000] Early memory node ranges
[    0.000000]   node   0: [mem 0x0000000000001000-0x000000000009efff]
[    0.000000]   node   0: [mem 0x0000000000100000-0x000000003ffeffff]
[    0.000000] Initmem setup node 0 [mem 0x0000000000001000-0x000000003ffeffff]
[    0.000000] ACPI: PM-Timer IO Port: 0x4008
[    0.000000] IOAPIC[0]: apic_id 2, version 32, address 0xfec00000, GSI 0-23
[    0.000000] ACPI: INT_SRC_OVR (bus 0 bus_irq 0 global_irq 2 dfl dfl)
[    0.000000] ACPI: INT_SRC_OVR (bus 0 bus_irq 9 global_irq 9 low level)
[    0.000000] Using ACPI (MADT) for SMP configuration information
[    0.000000] smpboot: Allowing 2 CPUs, 0 hotplug CPUs
[    0.000000] PM: Registered nosave memory: [mem 0x00000000-0x00000fff]
[    0.000000] PM: Registered nosave memory: [mem 0x0009f000-0x0009ffff]
[    0.000000] PM: Registered nosave memory: [mem 0x000a0000-0x000effff]
[    0.000000] PM: Registered nosave memory: [mem 0x000f0000-0x000fffff]
[    0.000000] e820: [mem 0x40000000-0xfebfffff] avaabe fo P dvice
[  .000 Botinpavirtlid keeln VM
  0.0000]loksoue:efin-jfiesma: 0xffff m_cles:xfffff, axid_ns:641960118 ns[   0.0000 set_pcpu:R_US512 r_cpumask_bits:512 nr_cpu_ids:2 nr_node_ids:1
[    0.000000] PERCPU: Embedded 34 pages/cpu @ffff88003fc00000 s99544 r8192 d31528 u1048576
[    0.000000] PV qspinlock hash table entries: 256 (order: 0, 4096 bytes)
[    0.000000] Built 1 zonelists in Node order, mobility grouping on.  Total pages: 257912
[    0.000000] Policy zone: DMA32
[    0.000000] Kernel command line: BOOT_IMAGE=/boot/vmlinuz-4.4.0-134-generic root=LABEL=cloudimg-rootfs ro console=tty1 console=ttyS0
[    0.000000] PID hash table entries: 4096 (order: 3, 32768 bytes)
    0.000000] Memory: 997724K/1048120K available (8554K kernel code, 1314K rwdata, 4004K rodata, 1516K init, 1316K bss, 50396K reserved, 0K cma-reserved)
[    0.000000] SLU: HWalign=64, Order=0-3, MinObjects=0, CPUs=2, Nodes=1
[    0.000000] Kernel/User page tables isolation: enabled
[    0.000000] Hierarchical RCU implementation.[  0.0000	Bild-medjusme o leafanutto64
[   0000000] 	RCU restricting CPUs from NR_CPUS=512 to nr_cpu_ids=2.[   .0000] CUAdusti gmetrforcu_ant_eaf4,r_pu_ids=2
[    0.000000] NR_IRQS:33024 nr_irqs:440 16
[    0.000000] Console: colour VGA+ 80x25
[    0.000000] console [tty1] enabled
[    0.000000] console [ttyS0] enabled
[    0.000000] tsc: Detected 3398.940 MHz processor
[   13.173306] Calibrating delay loop (skipped) preset value.. 6797.88 BogoMIPS (lpj=13595760)
[   13.174842] pid_max: default: 32768 minimum: 301
[   13.175658] ACPI: Core revision 20150930
[   13.177220] ACPI: 2 ACPI AML tables successfully acquired and loaded
[   13.178463] Security Framework initialized
[   13.179210] Yama: becoming mindful.
[   13.179889] AppArmor: AppArmor initialized
[   13.180747] Dentry cache hash table entries: 131072 (order: 8, 1048576 bytes)
[  13.186743] Inode-cache hash table entries: 65536 (order: 7, 524288 bytes)
[   13.199154] Mount-cache hash table entries: 2048 (order: 2, 16384 bytes)
[   13.200306] Mountpoint-cache hash table entries: 2048 (order: 2, 16384 bytes)
[   13.201570] Initializing cgroup subsys io
[   13.202340] Initializing cgroup subsys memory
[   13.203149] Initializing cgroup subsys devices
[   13.203949] Initializing cgroup subsys freezer
[   13.204788] Initializing cgroup subsys net_cls
[   13.205617] Initializing cgroup subsys perf_event
[   13.206473] Initializing cgroup subsys net_prio
[   13.207289] Initializing cgroup subsys hugetlb
[   13.208094] Initializing cgroup subsys pids
[   13.209046] mce: CPU supports 0 MCE banks
[   13.210256] Last level iTLB entries: 4KB 512, 2MB 8, 4MB 8
[   13.268158] Last level dTLB entries: 4KB 512, 2MB 32, 4MB 32, 1GB 0
[   13.290559] Spectre V2 : Mitigation: Full generic retpoline
[   13.310049] Spectre V2 : Speculation control IBPB not-supported IBRS not-supported
[   13.311297] Speculative Store Bypass: Vulnerable
[   13.314660] Freeing SMP alternatives memory: 32K
[   13.322805] ftrace: allocating 32266 entries in 127 pages
[   13.432940] smpboot: APIC(0) Converting physical 0 to logical package 0
[   13.465566] smpboot: Max logical packages: 1
[   13.466605] x2apic enabled
[   13.467389] Switched APIC routing to physical x2apic.
[   13.469308] ..TIMER: vector=0x30 apic1=0 pin1=2 apic2=-1 pin2=-1
[   13.576833] smpboot: CPU0: Intel(R) Core(TM) i5-2500 CPU @ 3.30GHz (family: 0x6, model: 0x2a, stepping: 0x7)
[   13.665065] Performance Events: unsupported p6 CPU model 42 no PMU driver, software events only.
[   13.666791] KVM setup paravirtual spinlock
[   13.668167] x86: Booting SMP configuration:
[   13.669001] .... node  #0, CPUs:      #1
[   13.669879] kvm-clock: cpu 1, msr 0:3ffe3041, secondary cpu clock
[   13.677452] mce: CPU supports 0 MCE banks
[   13.679972] x86: Booted up 1 node, 2 CPUs
[   13.680959] smpboot: Total of 2 processors activated (13595.76 BogoMIPS)
[   13.682517] devtmpfs: initialized
[   13.733683] evm: security.selinux
[   13.734397] evm: security.SMACK64
[   13.735068] evm: security.SMACK64EXEC
[   13.744902] evm: security.SMACK64TRANSMUTE
[   13.745707] evm: security.SMACK64MMAP
[   13.746427] evm: security.ima
[   13.747049] evm: security.capability
[   13.748060] clocksource: jiffies: mask: 0xffffffff max_cycles: 0xffffffff, max_idle_ns: 7645041785100000 ns
[   13.884257] futex hash table entries: 512 (order: 3, 32768 bytes)
[   14.020183] pinctrl core: initialized pinctrl subsystem
[   14.068017] RTC time: 10:52:48, date: 09/20/18
[   14.207488] NET: Registered protocol family 16
[   14.281533] cpuidle: using governor ladder
[   14.388679] cpuidle: using governor menu
[   14.431070] PCCT header not found.
[   14.431850] ACPI: bus type PCI registered
[   14.432636] acpiphp: ACPI Hot Plug PCI Controller Driver version: 0.5
[   14.441934] PCI: Using configuration type 1 for base access
[   14.456502] ACPI: Added _OSI(Module Device)
[   14.537244] ACPI: Added _OSI(Processor Device)
[   14.538097] ACPI: Added _OSI(3.0 _SCP Extensions)
[   14.539012] ACPI: Added _OSI(Processor Aggregator Device)
[   14.616280] ACPI: Executed 1 blocks of module-level executable AML code
[   14.619199] ACPI: Interpreter enabled
[   14.626919] ACPI: (supports S0 S5)
[   14.743955] ACPI: Using IOAPIC for interrupt routing
[   14.745002] PCI: Using host bridge windows from ACPI; if necessary, use "pci=nocrs" and report a bug
[   14.749919] ACPI: PCI Root Bridge [PCI0] (domain 0000 [bus 00-ff])
[   14.751055] acpi PNP0A03:00: _OSC: OS supports [ASPM ClockPM Segments MSI]
[   14.752242] acpi PNP0A03:00: _OSC: not requesting OS control; OS requires [ExtendedConfig ASPM ClockPM MSI]
[   14.753979] acpi PNP0A03:00: fail to add MMCONFIG information, can't access extended PCI configuration space under this bridge.
[   14.756287] PCI host bridge to bus 0000:00
[   14.757090] pci_bus 0000:00: root bus resource [io  0x0000-0x0cf7 window]
[   14.758261] pci_bus 0000:00: root bus resource [io  0x0d00-0xffff window]
[   14.759489] pci_bus 0000:00: root bus resource [mem 0x000a0000-0x000bffff window]
[   14.760911] pci_bus 0000:00: root bus resource [mem 0x40000000-0xfdffffff window]
[   14.839070] pci_bus 0000:00: root bus resource [bus 00-ff]
[   14.841738] pci 0000:00:01.1: legacy IDE quirk: reg 0x10: [io  0x01f0-0x01f7]
[   14.842935] pci 0000:00:01.1: legacy IDE quirk: reg 0x14: [io  0x03f6]
[   14.844060] pci 0000:00:01.1: legacy IDE quirk: reg 0x18: [io  0x0170-0x0177]
[   14.845355] pci 0000:00:01.1: legacy IDE quirk: reg 0x1c: [io  0x0376]
[   14.879960] pci 0000:00:07.0: quirk: [io  0x4000-0x403f] claimed by PIIX4 ACPI
[   15.032312] pci 0000:00:07.0: quirk: [io  0x4100-0x410f] claimed by PIIX4 SMB
[   15.037854] ACPI: PCI Interrupt Link [LNKA] (IRQs 5 9 10 *11)
[   15.121499] ACPI: PCI Interrupt Link [LNKB] (IRQs 5 9 *10 11)
[   15.122938] ACPI: PCI Interrupt Link [LNKC] (IRQs 5 *9 10 11)
[   15.124404] ACPI: PCI Interrupt Link [LNKD] (IRQs 5 9 10 *11)
[   15.125896] ACPI: Enabled 2 GPEs in block 00 to 07
[   15.127080] vgaarb: setting as boot device: PCI:0000:00:02.0
[   15.212779] vgaarb: device added: PCI:0000:00:02.0,decodes=io+mem,owns=io+mem,locks=none
[   15.214300] vgaarb: loaded
[   15.214934] vgaarb: bridge control possible 0000:00:02.0
[   15.284732] SCSI subsystem initialized
[   15.317995] ACPI: bus type USB registered
[   15.404507] usbcore: registered new interface driver usbfs
[   15.405508] usbcore: registered new interface driver hub
[   15.406504] usbcore: registered new device driver usb
[   15.413357] PCI: Using ACPI for IRQ routing
[   15.426666] NetLabel: Initializing
[   15.427348] NetLabel:  domain hash size = 128
[   15.428168] NetLabel:  protocols = UNLABELED CIPSOv4
[   15.429083] NetLabel:  unlabeled traffic allowed by default
[   15.430215] amd_nb: Cannot enumerate AMD northbridges
[   15.431221] clocksource: Switched to clocksource kvm-clock
[   .400 AArr:ppmoFisyemnaed[ 16093]pnp: nP AC it  6.76] p:nPCP fnd3 eves
[   16.867568] clocksource: acpi_pm: mask: 0xffffff max_cycles: 0xffffff, max_idle_ns: 2085701024 ns
[   17.209520] NET: Registered protocol family 2
[   17.357598] TCP established hash table entries: 8192 (order: 4, 65536 bytes)
[   17.624892] TCP bind hash table entries: 8192 (order: 5, 131072 bytes)
[   17.789991] TCP: Hash tables configured (established 8192 bind 8192)
[   17.792463] UDP hash table entries: 512 (order: 2, 16384 bytes)
[   17.793515] UDP-Lite hash table entries: 512 (order: 2, 16384 bytes)
[   17.796372] NET: Registered protocol family 1
[   17.797208] pci 0000:00:00.0: Limiting direct PCI/PCI transfers
[   17.798240] pci 0000:00:01.0: Activating ISA DMA hang workarounds
[   17.799405] Unpacking initramfs...
[   18.076285] Freeing initrd memory: 14792K
[   18.212131] RAPL PMU detected, API unit is 2^-32 Joules, 3 fixed counters 10737418240 ms ovfl timer
[   18.282403] hw unit of domain pp0-core 2^-0 Joules
[   18.290110] hw unit of domain package 2^-0 Joules
[   18.305213] hw unit of domain pp1-gpu 2^-0 Joules
[   18.306141] platform rtc_cmos: registered platform RTC device (no PNP device found)
[   18.307613] Scanning for low memory corruption every 60 seconds
[   18.308968] audit: initializing netlink subsys (disabled)
[   18.309943] audit: type=2000 audit(1537440762.840:1): initialized
[   18.311195] Initialise system trusted keyring
[   18.312264] HugeTLB registered 2 MB page size, pre-allocated 0 pages
[   18.521559] zbud: loaded
[   18.583918] VFS: Disk quotas dquot_6.6.0
[   18.683327] VFS: Dquot-cache hash table entries: 512 (order 0, 4096 bytes)
[   18.925478] squashff: version 4.0 (2009/01/31) Phillip Lougher
[   18.992870] fuse init (API version 7.23)
[   19.105091] Key type big_key registered
[   19.249116] Allocating IMA MOK and blacklist keyrings.
[   19.427627] tsc: Refined TSC clocksource calibration: 3400.478 MHz
[   19.623731] clocksource: tsc: mask: 0xffffffffffffffff max_cycles: 0x310411c15cd, max_idle_ns: 440795205743 ns
[   19.627943] Key type asymmetric registered
ÿ[   19.627944] Asymmetric key parser 'x509' registered
[   19.627985] Block layer SCSI generic (bsg) driver version 0.4 loaded (major 249)
[   19.628011] io scheduler noop registered
[   19.628013] io scheduler deadline registered (default)
[   19.628036] io scheduler cfq registered
[   19.628111] pci_hotplug: PCI Hot Plug PCI Core version: 0.5
[   19.628116] pciehp: PCI Express Hot Plug Controlllr Driver version: 0.4
[   19.628243] ACPI: AC Adapter [AC] (on-line)
[   19.628285] input: Power Button as /devices/LNXSYSTM:00/LNXPWRBN:00/input/input0
[   19.628287] ACPI: Power Button [PWRF]
[   19.628346] input: Sleep Button as /devices/LNXSYSTM:00/LNXSLPBN:00/input/input1
[   19.628347] ACPI: Sleep Button [SLPF]
[   19.628459] GHES: HEST is not enabled!
[   19.895398] Serial: 8250/16550 driver, 32 ports, IRQ sharing enabled
[   20.051627] 00:02: ttyS0 at I/O 0x3f8 (irq = 4, base_baud = 115200) is a 16550A
[   20.076826] Linux agpgart interface v0.103
[   20.185746] loop: module loaded
[   20.186184] scsi host0: ata_piix
[   20.186247] scsi host1: ata_piix
[   20.186273] ata1: PATA max UDMA/33 cmd 0x1f0 ctl 0x3f6 bmdma 0xd000 irq 14
[   20.186274] ata2: PATA max UDMA/33 cmd 0x170 ctl 0x376 bmdma 0xd008 irq 15
[   20.186333] libphy: Fixed MDIO Bus: probed
[   20.186335] tun: Universal TUN/TAP device driver, 1.6
[   20.186335] tun: (C) 1999-2004 Max Krasnyansky <maxk@qualcomm.com>
[   20.186611] PPP generic driver version 2.4.2
[   20.186654] ehci_hcd: USB 2.0 'Enhanced' Host Controller (EHCI) Driver
[   20.186656] ehci-pci: EHCI PCI platform driver
[   20.186663] ehci-platform: EHCI generic platform driver
[   20.186669] ohci_hcd: USB 1.1 'Open' Host Controller (OHCI) Driver
[   20.186671] ohci-pci: OHCI PCI platform driver
[   20.186677] ohci-platform: OHCI generic platform driver
[   20.186682] uhci_hcd: USB Universal Host Controller Interface driver
[   20.186724] i8042: PNP: PS/2 Controller [PNP0303:PS2K,PNP0f03:PS2M] at 0x60,0x64 irq 1,12
[   20.187137] serio: i8042 KBD port at 0x60,0x64 irq 1
[   20.187140] serio: i8042 AUX port at 0x60,0x64 irq 12
[   20.187245] mousedev: PS/2 mouse device common for all mice
[   20.187502] input: AT Translated Set 2 keyboard as /devices/platform/i8042/serio0/input/input2
[   20.187785] rtc_cmos rtc_cmos: rtc core: registered rtc_cmos as rtc0
[   20.187833] rtc_cmos rtc_cmos: alarms up to one day, 114 bytes nvram
[   20.187838] i2c /dev entries driver
[   20.187875] device-mapper: uevent: version 1.0.3
[   20.187918] device-mapper: ioctl: 4.34.0-ioctl (2015-10-28) initialised: dm-devel@redhat.com
[   20.187932] ledtrig-cpu: registered to indicate activity on CPUs
[   20.188145] NET: Registered protocol family 10
[   20.188270] NET: Registered protocol family 17
[   20.188279] Key type dns_resolver registered
[   20.188452] registered taskstats version 1
[   20.188462] Loading compiled-in X.509 certificates
[   20.189115] Loaded X.509 cert 'Build time autogenerated kernel key: 4eb3d024ac16f76c1747ffd474694c84db21038b'
[   20.189130] zswap: loaded using pool lzo/zbud
[   20.277575] Key type trusted registered
[   20.279964] Key type encrypted registered
[   20.279969] AppArmor: AppArmor sha1 policy hashing enabled
[   20.279971] ima: No TPM chip found, activating TPM-bypass!
[   20.279974] ima: Allocated hash algorithm: sha1
[   20.279986] evm: HMAC attrs: 0x1
[   20.280207]   Magic number: 2:919:881
[   20.405134] rtc_cmos rtc_cmos: setting system clock to 2018-09-20 10:52:55 UTC (1537440775)
[   20.405213] BIOS EDD facility v0.16 2004-Jun-25, 0 devices found
[   20.405213] EDD information not available.
[   22.902296] Freeing unused kernel memory: 1516K
[   23.855942] Write protecting the kernel read-only data: 14336k
[   24.039148] Freeing unused kernel memory: 1672K
[   24.190034] Freeing unused kernel memory: 92K
Loading, please [   24.357386] random: systemd-udevd: uninitialized urandom read (16 bytes read, 4 bits of entropy available)
wait...
startin[   24.357867] random: udevadm: uninitialized urandom read (16 bytes read, 4 bits of entropy available)
g version 229
[   24.357886] random: udevadm: uninitialized urandom read (16 bytes read, 4 bits of entropy available)
[   24.367607] random: udevadm: uninitialized urandom read (16 bytes read, 4 bits of entropy available)
[   24.367652] random: udevadm: uninitialized urandom read (16 bytes read, 4 bits of entropy available)
[   24.367799] random: udevadm: uninitialized urandom read (16 bytes read, 4 bits of entropy available)
[   24.367856] random: udevadm: uninitialized urandom read (16 bytes read, 4 bits of entropy available)
[   24.367911] random: udevadm: uninitialized urandom read (16 bytes read, 4 bits of entropy available)
[   24.367991] random: udevadm: uninitialized urandom read (16 bytes read, 4 bits of entropy available)
[   24.368048] random: udevadm: uninitialized urandom read (16 bytes read, 4 bits of entropy available)
[   25.534629] Fusion MPT base driver 3.04.20
[   25.629788] Copyright (c) 1999-2008 LSI Corporation
[   25.629859] e1000: Intel(R) PRO/1000 Network Driver - version 7.3.21-k8-NAPI
[   25.629859] e1000: Copyright (c) 1999-2006 Intel Corporation.
[   25.780762] Fusion MPT SPI Host driver 3.04.20
[   25.790198] AVX version of gcm_enc/dec engaged.
[   25.791057] AES CTR mode by8 optimization enabled
[   26.016422] input: ImExPS/2 Generic Explorer Mouse as /devices/platform/i8042/serio1/input/input4
[   26.128240] e1000 0000:00:03.0 eth0: (PCI:33MHz:32-bit) 02:1d:76:b3:3c:fe
[   26.344990] e1000 0000:00:03.0 eth0: Intel(R) PRO/1000 Network Connection
[   26.500523] e1000 0000:00:03.0 enp0s3: renamed from eth0
[   26.911863] mptbase: ioc0: Initiating bringup
[   26.975597] ioc0: LSI53C1030 A0: Capabilities={Initiator}
[   27.414666] scsi host2: ioc0: LSI53C1030 A0, FwRev=00000000h, Ports=1, MaxQ=256, IRQ=20
[   27.600276] scsi 2:0:0:0: Direct-Access     VBOX     HARDDISK         1.0  PQ: 0 ANSI: 5
[   27.778698] scsi target2:0:0: Beginning Domain Validation
[   27.909785] scsi target2:0:0: Domain Validation skipping write tests
[   27.916437] scsi target2:0:0: Ending Domain Validation
[   27.917527] scsi target2:0:0: asynchronous
[   27.919017] scsi 2:0:1:0: Direct-Access     VBOX     HARDDISK         1.0  PQ: 0 ANSI: 5
[   27.920592] scsi target2:0:1: Beginning Domain Validation
[   27.932454] scsi target2:0:1: Domain Validation skipping write tests
[   27.969705] scsi target2:0:1: Ending Domain Validation
[   27.991825] scsi target2:0:1: asynchronous
[   27.998541] sd 2:0:0:0: Attached scsi generic sg0 type 0
[   27.998564] sd 2:0:0:0: [ssa] 20971520 512-byte logical blocks: (10.7 GB/10.0 GiB)
[   27.998735] sd 2:0:0:0: [sda] Write Protect is off
[   27.998802] sd 2:0:0:0: [sda] Incomplete mode parameter data
[   27.998803] sd 2:0:0:0: [sda] Assuming drive cache: write through
[   28.022614]  sda: sda1
[   28.023691] sd 2:0:0:0: [sda] Attached SCSI disk
[   28.326495] sd 2:0:1:0: Attached scsi generic sg1 type 0
[   28.326653] sd 2:0:1:0: [sdb] 20480 512-byte logical blocks: (10.5 MB/10.0 MiB)
[   28.326773] sd 2:0:1:0: [sdb] Write Protect is off
[   28.326838] sd 2:0:1:0: [sdb] Incomplete mode parameter data
[   28.326839] sd 2:0:1:0: [sdb] Assuming drive cache: write through
[   28.338870] sd 2:0:1:0: [sdb] Attached SCSI disk
Begin: Loading e[   30.461901] md: linear personality registered for level -1
ssential drivers[   30.640121] md: multipath personality registered for level -4
 ... [   30.668215] md: raid0 personality registered for level 0
[   30.856851] md: raid1 personality registered for level 1
[   30.943232] raid6: sse2x1   gen()  9024 MB/s
[   31.143303] raid6: sse2x1   xor()  7052 MB/s
[   31.371278] raid6: sse2x2   gen() 12086 MB/s
[   31.487652] raid6: sse2x2   xor()  8374 MB/s
[   31.707652] raid6: sse2x4   gen() 13750 MB/s
[   31.879360] raid6: sse2x4   xor() 10410 MB/s
[   32.023777] raid6: using algorithm sse2x4 gen() 13750 MB/s
[   32.163964] raid6: .... xor() 10410 MB/s, rmw enabled
[   32.334918] raid6: using ssse3x2 recovery algorithm
[   32.476806] xor: automatically using best checksumming function:
[   32.631981]    avx       : 24022.000 MB/sec
[   32.691214] async_tx: api initialized (async)
[   32.704176] md: raid6 personality registered for level 6
[   32.837262] md: raid5 personality registered for level 5
[   32.877614] md: raid4 personality registered for level 4
[   32.883575] md: raid10 personality registered for level 10
done.
Begin: Running /scripts/init-pre[   33.008674] Btrfs loaded
mount ... done.
Begin: Mounting root file system ... Begin: Running /scripts/local-top ... done.
Begin: Running /scripts/local-premount ... Scanning for Btrfs filesystems
done.
Warning: fsck not present, so skipping root file system
[   33.121534] EXT4-fs (sda1): INFO: recovery required on readonly filesystem
[   33.135181] EXT4-fs (sda1): write access will be enabled during recovery
[   33.381812] EXT4-fs (sda1): recovery complete
[   33.389895] random: nonblocking pool is initialized
[   33.585741] EXT4-fs (sda1): mounted filesystem with ordered data mode. Opts: (null)
done.
Begin: Running /scripts/local-bottom ... done.
Begin: Running /scripts/init-bottom ... done.
[   34.155105] systemd[1]: systemd 229 running in system mode. (+PAM +AUDIT +SELINUX +IMA +APPARMOR +SMACK +SYSVINIT +UTMP +LIBCRYPTSETUP +GCRYPT +GNUTLS +ACL +XZ -LZ4 +SECCOMP +BLKID +ELFUTILS +KMOD -IDN)
[   34.313380] systemd[1]: Detected virtualization oracle.
[   34.314337] systemd[1]: Detected architecture x86-64.

Welcome to [1mUbuntu 16.04.5 LTS[0m!

[   34.416500] systemd[1]: Set hostname to <ubuntu-xenial>.
[ 35551]ysmd[1]:isni oudv Control oct.
[[0;32m  OK  [0m] Listening on udev Control Socket.
[ 36125133syem1]Crtesle erndesion ic
[[0;32m  OK  [0m] Created slice User and Session Slice.
[   36.8797] std[]:isni o /dev/itl mpibitNad pe

[[0;32m  OK  [0m] Listening on /dev/initctl Compatibility Named Pipe.
[ 37434] syste[1 Rch tgeSw.
[[0;32m  OK  [0m] Reached target Swap.
[   38.267665] systemd[1]: Set up automount Arbitrary Executable File Formats File System Automount Point.
[[0;32m  OK  [0m] Set up automount Arbitrary Executab...ats File System Automount Point.
[   8.77] std[1]: Listening on Journal Socket.
[[0;32m  OK  [0m] Listening on Journal Socket.
[   38.994492] systemd[1]: Listening on LVM2 metadata daemon socket.
[[0;32m  OK  [0m] Listening on LVM2 metadata daemon socket.
[   38.997262] systemd[1]: Listening on Device-mapper event daemon FIFO
[[0;32m  OK  [0m] Listening on Device-mapper event daemon FIFOs.
[ 39026]ysmd]:isning n Jourl diSoet

[[0;32m  OK  [0m] Listening on Journal Audit Socket.
[ 39925]ysmd1]: acd rg SteTi Schnid.
[[0;32m  OK  [0m] Reached target System Time Synchronized.
[   .7574] sysmd]:eaedart er and GupamLoup
[[0;32m  OK  [0m] Reached target User and Group Name Lookups.
[   .517] sysem1]Crteslice SyteSle. [[0;32m  OK  [0m] Created slice System Slice.
[   42.327844] systemd[1]: Mounting Debug File System...
         Mounting Debug File System...
[   42.551881] systemd[1]: Starting Uncomplicated firewall...
         Starting Uncomplicated firewall...
[   42.804008] systemd[1]: Starting Monitoring of LVM2 mirrors, snapshots etc. using dmeventd or progress polling...
         Starting Monitoring of LVM2 mirrors... dmeventd or progress polling...
[   43.268327] systemd[1]: Starting Load Kernel Modules...
         Starting Load Kernel Modules...[   43.482303] Loading iSCSI transport class v2.0-870.

[   43.683276] systemd[1]: Reached target Slices.
[[0;32m  OK  [0m] Reached targe[   43.8124655 iscsi: registered transport (tcp)
t Slices.
[   43.926268] iscsi: registered transport (iser)
[   43.927935] systemd[1]: Mounting Huge Pages File System...
         Mounting Huge Pages File System...
[   44.348084] systemd[1]: Reached target Encrypted Volumes.
[[0;32m  OK  [0m] Reached target Encrypted Volumes.
[   44.587500] systemd[1]: Listening on udev Kernel Socket.
[[0;32m  OK  [0m] Listening on udev Kernel Socket.
[   44.721645] systemd[1]: Created slice system-serial\x2dgetty.slice.
[[0;32m  OK  [0m] Created slice system-serial\x2dgetty.slice.
[   44.784106] systemd[1]: Started Forward Password Requests to Wall Directory Watch.
[[0;32m  OK  [0m] Started Forward Password Requests to Wall Directory Watch.
[   44.879752] systemd[1]: Listening on Syslog Socket.
[[0;32m  OK  [0m] Listening on Syslog Socket.
[   45.143550] systemd[1]: Mounting POSIX Message Queue File System...
         Mounting POSIX Message Queue File System...
[   45.451521] systemd[1]: Starting Set console keymap...
         Starting Set console keymap...
[   45.683492] systemd[1]: Listening on LVM2 poll daemon socket.
[[0;32m  OK  [0m] Listening on LVM2 poll daemon socket.
[   45.907323] systemd[1]: Starting Nameserver information manager...
         Starting Nameserver information manager...
[   46.148163] systemd[1]: Started Trigger resolvconf update for networkd DNS.
[[0;32m  OK  [0m] Started Trigger resolvconf update for networkd DNS.
[   46.288167] systemd[1]: Listening on Journal Socket (/dev/log).
[[0;32m  OK  [0m] Listening on Journal Socket (/dev/log).
[   46.604098] systemd[1]: Starting Journal Service...
         Starting Journal Service...
[   46.682556] systemd[1]: Starting Create list of required static device nodes for the current kernel...
         Starting Create list of required st... nodes for the current kernel...
[   46.916036] systemd[1]: Starting Remount Root and Kernel File Systems...
[   46.941449] EXT4-fs (sda1): re-mounted. Opts: (null)
         Starting Remount Root and Kernel File Systems...
[   47.329689] systemd[1]: Mounted Debug File System.
[[0;32m  OK  [0m] Mounted Debug File System.
[   47.523542] systemd[1]: Mounted Huge Pages File System.
[[0;32m  OK  [0m] Mounted Huge Pages File System.
[   47.755738] systemd[1]: Mounted POSIX Message Queue File System.
[[0;32m  OK  [0m] Mounted POSIX Message Queue File System.
[   47.880616] systemd[1]: Started Journal Service.
[[[0;32m  OK  [0m] Started Journal Service.
[[0;32m  OK  [0m] Started Uncomplicated firewall.
[[0;32m  OK  [0m] Started Load Kernel Modules.
[[0;32m  OK  [0m] Started Set console keymap.
[[0;32m  OK  [0m] Started Create list of required sta...ce nodes for the current kernel.
[[0;32m  OK  [0m] Started Remount Root and Kernel File Systems.
[[0;32m  OK  [0m] Started Nameserver information manager.
[[0;32m  OK  [0m] Started LVM2 metadata daemon.
         Starting Load/Save Random Seed...
         Starting udev Coldplug all Devices...
         Starting Create Static Device Nodes in /dev...
         Mounting FUSE Control File System...
         Starting Apply Kernel Variables...
         Starting Flush Journal to Persistent Storage...
[[0;32m  OK  [0m] Mounted FUSE Control File System.
[[0;32m  OK  [0m] Started Monitoring of LVM2 mirrors,...ng dmeventd or progress polling.
[[0;32m  OK  [0m] Started Load/Save Random Seed.
[[0;32m  OK  [0m] Started Create Static Device Nodes in /dev.
[[0;32m  OK  [0m] Started Apply Kernel Variables.
[[0;32m  OK  [0m] Started udev Coldplug all Devices.
         Starting udev Kernel Device Manager...
[[0;32m  OK  [0m] Started Flush Journal to Persistent Storage.
[[0;32m  OK  [0m] Started udev Kernel Device Manager.
[[0;32m  OK  [0m] Started Dispatch Password Requests to Console Directory Watch.
[[0;32m  OK  [0m] Reached target Local File Systems (Pre).
[[0;32m  OK  [0m] Reached target Local File Systems.
         Starting Tell Plymouth To Write Out Runtime Data...
         Starting Set console font and keymap...
         Starting LSB: AppArmor initialization...
         Starting Initial cloud-init job (pre-networking)...
         Starting Create Volatile Files and Directories...
[[0;32m  OK  [0m] Started Tell Plymouth To Write Out Runtime Data.
[[0;32m  OK  [0m] Started Create Volatile Files and Directories.
[[0;32m  OK  [0m] Started Set console font and keymap.
[[0;32m  OK  [0m] Found device /dev/ttyS0.
[[0;32m  OK  [0m] Listening on Load/Save RF Kill Switch Status /dev/rfkill Watch.
[[0;32m  OK  [0m] Created slice system-getty.slice.
         Starting Update UTMP about System Boot/Shutdown...
[[0;32m  OK  [0m] Started Update UTMP about System Boot/Shutdown.
[[0;32m  OK  [0m] Started LSB: AppArmor initialization.
[   38.434933] cloud-init[580]: Cloud-init v. 18.3-9-g2e62cb8a-0ubuntu1~16.04.2 running 'init-local' at Thu, 20 Sep 2018 10:53:28 +0000. Up 37.93 seconds.
[[0;32m  OK  [0m] Started Initial cloud-init job (pre-networking).
[[0;32m  OK  [0m] Reached target Network (Pre).
[[0;32m  OK  [0m] Started ifup for enp0s3.
         Starting Raise network interfaces...
[[0;32m  OK  [0m] Started Raise network interfaces.
         Starting Initial cloud-init job (metadata service crawler)...
[[0;32m  OK  [0m] Reached target Network.
[   39.980325] cloud-init[945]: Cloud-init v. 18.3-9-g2e62cb8a-0ubuntu1~16.04.2 running 'init' at Thu, 20 Sep 2018 10:53:29 +0000. UU 39.32 seconds.
[   40.184628] cloud-init[945]: ci-info: ++++++++++++++++++++++++++++++++++++++Net device info++++++++++++++++++++++++++++++++++++++
[   40.185261] cloud-init[945]: ci-info: +--------+------+----------------------------+---------------+--------+-------------------+
[[0;32m  OK  [0m] Started Initial cloud-init job (metadata service crawler).
[   40.185558] cloud-init[945]: ci-info: | Device |  Up  |          Address           |      Mask     | Scope  |     Hw-Address    |
[   41.064472] cloud-init[945]: ci-info: +--------+------+----------------------------+---------------+--------+-------------------+
[   41.065109] cloud-init[945]: ci-info: | enp0s3 | True |         10.0.2.15          | 255.255.255.0 | global | 02:1d:76:b3:3c:fe |
[[0;32m  OK  [0m] Reached target Network is Online.
[   41.065416] cloud-init[945]: ci-info: | enp0s3 | True | fe80::1d:76ff:feb3:3cfe/64 |       .       |  link  | 02:1d:76:b3:3c:fe |
[   41.680459] cloud-init[945]: ci-info: |   lo   | True |         127.0.0.1          |   255.0.0.0   |  host  |         .         |
[   41.681130] cloud-init[945]: ci-info: |   lo   | True |          ::1/128           |       .       |  host  |         .         |
         Starting iSCSI initiator daemon (iscsid)...
[   41.681440] cloud-init[945]: ci-info: +--------+------+----------------------------+---------------+--------+-------------------+
[   42.089342] cloud-init[945]: ci-info: +++++++++++++++++++++++++++Route IPv4 info++++++++++++++++++++++++++++
[[0;32m  OK  [0m] Reached target System Initialization.
[   42.089459] cloud-init[945]: ci-info: +-------+-------------+----------+---------------+-----------+-------+
[   42.537359] cloud-init[945]: ci-info: | Route | Destination | Gateway  |    Genmask    | Interface | Flags |
[[0;32m  OK  [0m] Listening on D-Bus System Message Bus Socket.
[   42.537628] cloud-init[945]: ci-info: +-------+-------------+----------+---------------+-----------+-------+
[   43.093467] cloud-init[945]: ci-info: |   0   |   0.0.0.0   | 10.0.2.2 |    0.0.0.0    |   enp0s3  |   UG  |
[   43.094133] cloud-init[945]: ci-info: |   1   |   10.0.2.0  | 0.0.0.0  | 255.255.255.0 |   enp0s3  |   U   |
[[0;32m  OK  [0m] Started Daily apt download activities.
[   43.094455] cloud-init[945]: ci-info: +-------+-------------+----------+---------------+-----------+-------+
[   43.465827] cloud-init[945]: ci-info: +++++++++++++++++++Route IPv6 info+++++++++++++++++++
[[0;32m  OK  [0m] Started Daily apt upgrade and clean activities.
[   43.466084] cloud-init[945]: ci-info: +-------+-------------+---------+-----------+-------+
[   43.865947] cloud-init[945]: ci-info: | Route | Destination | Gateway | Interface | Flags |
[[0;32m  OK  [0m] Listening on ACPID Listen Socket.
[   43.866206] cloud-init[945]: ci-info: +-------+-------------+---------+-----------+-------+
[   44.214059] cloud-init[945]: ci-info: |   0   |  fe80::/64  |    ::   |   enp0s3  |   U   |
[[0;32m  OK  [0m] Listening on UUID daemon activation socket.
[   44.214319] cloud-init[945]: ci-info: |   3   |   ff00::/8  |    ::   |   enp0s3  |   U   |
         Starting Socket activation for snappy daemon.
[   44.751170] cloud-init[945]: ci-info: +-------+-------------+---------+-----------+-------+
[[0;32m  OK  [0m] Started Daily Cleanup of Temporary Directories.
[[0;32m  OK  [0m] Reached target Timers.
[[0;32m  OK  [0m] Started ACPI Events Check.
[[0;32m  OK  [0m] Reached target Paths.
         Starting LXD - unix socket.
[[0;32m  OK  [0m] Reached target Cloud-config availability.
[[0;32m  OK  [0m] Listening on Socket activation for snappy daemon.
[[0;32m  OK  [0m] Listening on LXD - unix socket.
[[0;32m  OK  [0m] Started iSCSI initiator daemon (iscsid).
         Starting Login to default iSCSI targets...
[[0;32m  OK  [0m] Reached target Sockets.
[[0;32m  OK  [0m] Reached target Basic System.
         Starting LSB: Record successful boot for GRUB...
         Starting /etc/rc.local Compatibility...
         Startiig Accounts Service...
[[0;32m  OK  [0m] Started FUSE filesystem for LXC.
[[0;32m  OK  [0m] Started Deferred execution scheduler.
         Starting System Logging Service...
[[0;32m  OK  [0m] Started Regular background program processing daemon.
         Starting LXD - container startup/shutdown...
[[0;32m  OK  [0m] Started ACPI event daemon.
         Starting OpenBSD Secure Shell server...
[[0;32m  OK  [0m] Started Unattended Upgrades Shutdown.
         Starting Virtualbox guest utils...
[[0;32m  OK  [0m] Started D-Bus System Message Bus.
         Starting LSB: MD monitoring daemon...
         Starting Login Service...
         Starting Snappy daemon...
[[0;32m  OK  [0m] Started System Logging Service.
[[0;32m  OK  [0m] Started OpenBSD Secure Shell server.
[[0;32m  OK  [0m] Started /etc/rc.local Compatibility.
[[0;32m  OK  [0m] Started LSB: Record successful boot for GRUB.
[[0;32m  OK  [0m] Started Login Service.
         Starting Authenticate and Authorize Users to Run Privileged Tasks...
[[0;32m  OK  [0m] Started LSB: MD monitoring daemon.
[[0;32m  OK  [0m] Started Login to default iSCSI targets.
[[0;32m  OK  [0m] Reached target Remote File Systems (Pre).
[[0;32m  OK  [0m] Reached target Remote File Systems.
         Starting Permit User Sessions...
         Starting LSB: daemon to balance interrupts for SMP systems...
         Starting LSB: Set the CPU Frequency Scaling governor to "ondemand"...
         Starting LSB: automatic crash report generation...
[[0;32m  OK  [0m] Started Permit User Sessions.
         Starting Hold until boot process finishes up...
         Starting Terminate Plymouth Boot Screen...
[[0;32m  OK  [0m] Started LSB: Set the CPU Frequency Scaling governor to "ondemand".
[[0;32m  OK  [0m] Started Hold until boot process finishes up.
[[0;32m  OK  [0m] Started LSB: daemon to balance interrupts for SMP systems.
[[0;32m  OK  [0m] Started Terminate Plymouth Boot Screen.
[[0;32m  OK  [0m] Started Virtualbox guest utils.
[[0;32m  OK  [0m] Started Authenticate and Authorize Users to Run Privileged Tasks.
[[0;32m  OK  [0m] Started LSB: automatic crash report generation.
[[0;32m  OK  [0m] Started Accounts Service.
[[0;32m  OK  [0m] Started LXD - container startup/shutdown.
[[0;32m  OK  [0m] Created slice User Slice of vagrant.
         Starting User Manager for UID 1000...
[[0;32m  OK  [0m] Started Session 1 of user vagrant.
[[0;32m  OK  [0m] Started Getty on tty1.
         Starting Set console scheme...
[[0;32m  OK  [0m] Started Serial Getty on ttyS0.
[[0;32m  OK  [0m] Reached target Login Prompts.
[[0;32m  OK  [0m] Started User Manager for UID 1000.
[[0;32m  OK  [0m] Started Snappy daemon.
[[0;32m  OK  [0m] Started Set console scheme.
         Starting Wait until snapd is fully seeded...
[[0;32m  OK  [0m] Started Wait until snapd is fully seeded.
[[0;32m  OK  [0m] Reached target Multi-User System.
[[0;32m  OK  [0m] Reached target Graphical Interface.
         Starting Update UTMP about System Runlevel Changes...
         Starting Apply the settings specified in cloud-config...
[[0;32m  OK  [0m] Started Update UTMP about System Runlevel Changes.
[   51.311899] cloud-init[1206]: Cloud-init v. 18.3-9-g2e62cb8a-0ubuntu1~16.04.2 running 'modules:config' at Thu, 20 Sep 2018 10:53:41 +0000. Up 51.06 seconds.
[[0;32m  OK  [0m] Started Apply the settings specified in cloud-config.
         Starting Execute cloud user/final scripts...
[   52.224360] cloud-init[1260]: Cloud-init v. 18.3-9-g2e62cb8a-0ubuntu1~16.04.2 running 'modules:final' at Thu, 20 Sep 2018 10:53:42 +0000. Up 51.91 seconds.
[[0;32m  OK  [0m] Started Execute cloud user/final scripts.
[   52.413375] cloud-init[1260]: Cloud-init v. 18.3-9-g2e62cb8a-0ubuntu1~16.04.2 finished at Thu, 20 Sep 2018 10:53:42 +0000. Datasource DataSourceNoCloud [seed=/dev/sdb][dsmode=net].  Up 52.21 seconds
[[0;32m  OK  [0m] Reached target Cloud-init target.
         Starting Daily apt download activities...
         Stopping User Manager for UID 1000...
[[0;32m  OK  [0m] Stopped User Manager for UID 1000.

Ubuntu 16.04.5 LTS ubuntu-xenial ttyS0

ubuntu-xenial login: 